# src/decomp/replacements.map
#
# Format:
#   <original-include-path> <replacement-include-path>
#
# Paths are interpreted relative to `src/` because they replace `include "..."`
# directives in `src/Prevue.asm`.
#
# Example:
# modules/groups/a/a/bitmap.s decomp/replacements/modules/groups/a/a/bitmap.s
modules/groups/_main/a/xjump.s decomp/replacements/modules/groups/_main/a/xjump.s
modules/groups/_main/b/xjump.s decomp/replacements/modules/groups/_main/b/xjump.s
modules/groups/_main/a/a.s decomp/replacements/modules/groups/_main/a/a.s
modules/groups/a/a/xjump.s decomp/replacements/modules/groups/a/a/xjump.s
modules/groups/a/q/esqshared4.s decomp/replacements/modules/groups/a/q/esqshared4.s
modules/groups/a/a/app.s decomp/replacements/modules/groups/a/a/app.s
modules/groups/a/b/xjump.s decomp/replacements/modules/groups/a/b/xjump.s
modules/groups/a/s/gcommand.s decomp/replacements/modules/groups/a/s/gcommand.s
modules/groups/a/t/gcommand2.s decomp/replacements/modules/groups/a/t/gcommand2.s
modules/groups/a/u/gcommand3.s decomp/replacements/modules/groups/a/u/gcommand3.s
modules/groups/a/u/gcommand4.s decomp/replacements/modules/groups/a/u/gcommand4.s
modules/groups/a/v/gcommand5.s decomp/replacements/modules/groups/a/v/gcommand5.s
modules/groups/a/v/kybd.s decomp/replacements/modules/groups/a/v/kybd.s
modules/groups/a/c/xjump.s decomp/replacements/modules/groups/a/c/xjump.s
modules/groups/a/d/xjump.s decomp/replacements/modules/groups/a/d/xjump.s
modules/groups/a/e/xjump.s decomp/replacements/modules/groups/a/e/xjump.s
modules/groups/a/f/xjump.s decomp/replacements/modules/groups/a/f/xjump.s
modules/groups/a/g/xjump.s decomp/replacements/modules/groups/a/g/xjump.s
modules/groups/a/h/xjump.s decomp/replacements/modules/groups/a/h/xjump.s
modules/groups/a/i/xjump.s decomp/replacements/modules/groups/a/i/xjump.s
modules/groups/a/j/xjump.s decomp/replacements/modules/groups/a/j/xjump.s
modules/groups/a/k/xjump.s decomp/replacements/modules/groups/a/k/xjump.s
modules/groups/a/k/xjump2.s decomp/replacements/modules/groups/a/k/xjump2.s
modules/groups/a/l/xjump.s decomp/replacements/modules/groups/a/l/xjump.s
modules/groups/a/m/xjump.s decomp/replacements/modules/groups/a/m/xjump.s
modules/groups/a/r/xjump.s decomp/replacements/modules/groups/a/r/xjump.s
modules/groups/a/s/xjump.s decomp/replacements/modules/groups/a/s/xjump.s
modules/groups/a/t/xjump.s decomp/replacements/modules/groups/a/t/xjump.s
modules/groups/a/u/xjump.s decomp/replacements/modules/groups/a/u/xjump.s
modules/groups/a/v/xjump.s decomp/replacements/modules/groups/a/v/xjump.s
modules/groups/a/w/xjump.s decomp/replacements/modules/groups/a/w/xjump.s
modules/groups/a/x/xjump.s decomp/replacements/modules/groups/a/x/xjump.s
modules/groups/a/y/xjump.s decomp/replacements/modules/groups/a/y/xjump.s
modules/submodules/memory.s decomp/replacements/modules/submodules/memory.s
modules/submodules/unknown3.s decomp/replacements/modules/submodules/unknown3.s
modules/submodules/unknown4.s decomp/replacements/modules/submodules/unknown4.s
modules/submodules/unknown5.s decomp/replacements/modules/submodules/unknown5.s
modules/submodules/unknown6.s decomp/replacements/modules/submodules/unknown6.s
modules/submodules/unknown7.s decomp/replacements/modules/submodules/unknown7.s
modules/submodules/unknown8.s decomp/replacements/modules/submodules/unknown8.s
modules/submodules/unknown9.s decomp/replacements/modules/submodules/unknown9.s
modules/submodules/unknown10.s decomp/replacements/modules/submodules/unknown10.s
modules/submodules/unknown11.s decomp/replacements/modules/submodules/unknown11.s
modules/submodules/unknown12.s decomp/replacements/modules/submodules/unknown12.s
modules/submodules/unknown13.s decomp/replacements/modules/submodules/unknown13.s
modules/submodules/unknown14.s decomp/replacements/modules/submodules/unknown14.s
modules/submodules/unknown15.s decomp/replacements/modules/submodules/unknown15.s
modules/submodules/unknown16.s decomp/replacements/modules/submodules/unknown16.s
modules/submodules/unknown17.s decomp/replacements/modules/submodules/unknown17.s
modules/submodules/unknown18.s decomp/replacements/modules/submodules/unknown18.s
modules/submodules/unknown19.s decomp/replacements/modules/submodules/unknown19.s
modules/submodules/unknown20.s decomp/replacements/modules/submodules/unknown20.s
modules/submodules/unknown21.s decomp/replacements/modules/submodules/unknown21.s
modules/submodules/unknown22.s decomp/replacements/modules/submodules/unknown22.s
modules/submodules/unknown23.s decomp/replacements/modules/submodules/unknown23.s
modules/submodules/unknown24.s decomp/replacements/modules/submodules/unknown24.s
modules/submodules/unknown25.s decomp/replacements/modules/submodules/unknown25.s
modules/submodules/unknown26.s decomp/replacements/modules/submodules/unknown26.s
modules/submodules/unknown27.s decomp/replacements/modules/submodules/unknown27.s
modules/submodules/unknown28.s decomp/replacements/modules/submodules/unknown28.s
modules/submodules/unknown29.s decomp/replacements/modules/submodules/unknown29.s
modules/submodules/unknown31.s decomp/replacements/modules/submodules/unknown31.s
modules/submodules/unknown32.s decomp/replacements/modules/submodules/unknown32.s
modules/submodules/unknown33.s decomp/replacements/modules/submodules/unknown33.s
modules/submodules/unknown34.s decomp/replacements/modules/submodules/unknown34.s
modules/submodules/unknown35.s decomp/replacements/modules/submodules/unknown35.s
modules/submodules/unknown36.s decomp/replacements/modules/submodules/unknown36.s
modules/submodules/unknown37.s decomp/replacements/modules/submodules/unknown37.s
modules/submodules/unknown38.s decomp/replacements/modules/submodules/unknown38.s
modules/submodules/unknown39.s decomp/replacements/modules/submodules/unknown39.s
modules/submodules/unknown41.s decomp/replacements/modules/submodules/unknown41.s
modules/submodules/unknown40.s decomp/replacements/modules/submodules/unknown40.s
modules/groups/_main/b/b.s decomp/replacements/modules/groups/_main/b/b.s
modules/submodules/unknown2b.s decomp/replacements/modules/submodules/unknown2b.s
modules/submodules/unknown42.s decomp/replacements/modules/submodules/unknown42.s
modules/groups/a/a/app2.s decomp/replacements/modules/groups/a/a/app2.s
modules/groups/a/a/app3.s decomp/replacements/modules/groups/a/a/app3.s
modules/groups/a/a/brush.s decomp/replacements/modules/groups/a/a/brush.s
modules/groups/a/a/bevel.s decomp/replacements/modules/groups/a/a/bevel.s
modules/groups/a/b/cleanup.s decomp/replacements/modules/groups/a/b/cleanup.s
modules/groups/a/c/cleanup2.s decomp/replacements/modules/groups/a/c/cleanup2.s
modules/groups/a/d/cleanup3.s decomp/replacements/modules/groups/a/d/cleanup3.s
modules/groups/a/e/coi.s decomp/replacements/modules/groups/a/e/coi.s
modules/groups/a/e/cleanup4.s decomp/replacements/modules/groups/a/e/cleanup4.s
modules/groups/a/f/ctasks.s decomp/replacements/modules/groups/a/f/ctasks.s
modules/groups/a/g/diskio.s decomp/replacements/modules/groups/a/g/diskio.s
modules/groups/a/h/diskio2.s decomp/replacements/modules/groups/a/h/diskio2.s
modules/groups/a/g/diskio1.s decomp/replacements/modules/groups/a/g/diskio1.s
modules/groups/a/i/displib.s decomp/replacements/modules/groups/a/i/displib.s
modules/groups/a/i/disptext.s decomp/replacements/modules/groups/a/i/disptext.s
modules/groups/a/j/dst.s decomp/replacements/modules/groups/a/j/dst.s
modules/groups/a/j/dst2.s decomp/replacements/modules/groups/a/j/dst2.s
modules/groups/a/k/ed1.s decomp/replacements/modules/groups/a/k/ed1.s
modules/groups/a/l/ed3.s decomp/replacements/modules/groups/a/l/ed3.s
modules/groups/a/m/esq.s decomp/replacements/modules/groups/a/m/esq.s
modules/groups/a/n/esqdisp.s decomp/replacements/modules/groups/a/n/esqdisp.s
modules/groups/a/n/esqiff.s decomp/replacements/modules/groups/a/n/esqiff.s
modules/groups/a/n/esqfunc.s decomp/replacements/modules/groups/a/n/esqfunc.s
modules/groups/a/o/esqiff2.s decomp/replacements/modules/groups/a/o/esqiff2.s
modules/groups/a/o/esqpars.s decomp/replacements/modules/groups/a/o/esqpars.s
modules/groups/a/p/esqshared.s decomp/replacements/modules/groups/a/p/esqshared.s
modules/groups/a/r/flib.s decomp/replacements/modules/groups/a/r/flib.s
modules/groups/a/x/ladfunc2.s decomp/replacements/modules/groups/a/x/ladfunc2.s
modules/groups/a/w/ladfunc.s decomp/replacements/modules/groups/a/w/ladfunc.s
modules/groups/a/y/locavail.s decomp/replacements/modules/groups/a/y/locavail.s
modules/groups/a/z/xjump.s decomp/replacements/modules/groups/a/z/xjump.s
modules/groups/a/z/locavail2.s decomp/replacements/modules/groups/a/z/locavail2.s
modules/groups/b/a/parseini.s decomp/replacements/modules/groups/b/a/parseini.s
modules/groups/b/a/parseini2.s decomp/replacements/modules/groups/b/a/parseini2.s
modules/groups/b/a/parseini3.s decomp/replacements/modules/groups/b/a/parseini3.s
modules/groups/b/a/p_type.s decomp/replacements/modules/groups/b/a/p_type.s
modules/groups/b/a/script.s decomp/replacements/modules/groups/b/a/script.s
modules/groups/b/a/tliba1.s decomp/replacements/modules/groups/b/a/tliba1.s
modules/groups/b/a/tliba2.s decomp/replacements/modules/groups/b/a/tliba2.s
modules/groups/b/a/tliba3.s decomp/replacements/modules/groups/b/a/tliba3.s
modules/groups/b/a/newgrid.s decomp/replacements/modules/groups/b/a/newgrid.s
modules/groups/b/a/newgrid1.s decomp/replacements/modules/groups/b/a/newgrid1.s
modules/groups/b/a/newgrid2.s decomp/replacements/modules/groups/b/a/newgrid2.s
modules/groups/b/a/script2.s decomp/replacements/modules/groups/b/a/script2.s
modules/groups/b/a/script3.s decomp/replacements/modules/groups/b/a/script3.s
modules/groups/b/a/textdisp.s decomp/replacements/modules/groups/b/a/textdisp.s
modules/groups/b/a/textdisp2.s decomp/replacements/modules/groups/b/a/textdisp2.s
modules/groups/b/a/script4.s decomp/replacements/modules/groups/b/a/script4.s
modules/groups/b/a/textdisp3.s decomp/replacements/modules/groups/b/a/textdisp3.s
modules/groups/b/a/wdisp.s decomp/replacements/modules/groups/b/a/wdisp.s
modules/submodules/unknown.s decomp/replacements/modules/submodules/unknown.s
modules/submodules/unknown2a.s decomp/replacements/modules/submodules/unknown2a.s
modules/submodules/unknown30.s decomp/replacements/modules/submodules/unknown30.s
