00000000 -> 00000000
00000001 -> 00000000
00000002 -> 00000000
0000000a -> 00000000
0000001f -> 00000000
00000020 -> 00000000
0000002f -> 00000000
00000039 -> 00000000
00000041 -> 00000000
00000060 -> 00000000
00000061 -> 00000000
0000007a -> 00000000
0000007f -> 00000000
00000080 -> 00000000
000000ff -> 00000000
00000100 -> 00000000
00007fff -> 00000000
00008000 -> 00000000
0000ffff -> 00000000
11223344 -> 00000000
7fffffff -> 00000000
80000000 -> 00000000
deadbeef -> 00000000
ffffffff -> 00000000
