esq:ESQ_fullc           14-Jul-26 08:41:51  Hunk Section                Page 1-1

 num hunk         size filename         punit    type         base  alv     size
   0 text        3a770 lib:c.o          c        code            0    3      260
                       esq_fullc_main.o esq_full code          274    2       24
                       _canary.o        _canary. code          2a4    0       9c
                       _missing_stubs.o _missing code          340    0       18
                       _vertbstk.o      _vertbst code          358    0       20
                       _zexcept.o       _zexcept code          378    0      108
                       alloc_insert_fre alloc_in code          480    0       e8
                       allocate_alloc_a allocate code          568    1       48
                       battclock_get_se battcloc code          5b8    1       10
                       battclock_write_ battcloc code          5d0    1       18
                       bevel_draw_bevel bevel_dr code          5f0    0       40
                       bevel_draw_bevel bevel_dr code          630    0       40
                       bevel_draw_bevel bevel_dr code          670    3       74
                       bevel_draw_horiz bevel_dr code          6f8    1       dc
                       bevel_draw_verti bevel_dr code          7dc    0      1bc
                       bevel_draw_verti bevel_dr code          998    0       9c
                       bitmap_process_i bitmap_p code          a34    2      468
                       brush_alloc_brus brush_al code          ea8    1       8c
                       brush_append_bru brush_ap code          f3c    0       2c
                       brush_clone_brus brush_cl code          f68    5      298
                       brush_find_brush brush_fi code         1220    1       34
                       brush_find_type3 brush_fi code         125c    0       3c
                       brush_free_brush brush_fr code         1298    0        4
                       brush_free_brush brush_fr code         129c    2       cc
                       brush_free_brush brush_fr code         1374    0       38
                       brush_load_brush brush_lo code         13ac    5      69c
                       brush_load_color brush_lo code         1a68    0       e4
                       brush_normalize_ brush_no code         1b4c    1       60
                       brush_planemaskf brush_pl code         1bb4    0       24
                       brush_pop_brush_ brush_po code         1bd8    0       34
                       brush_populate_b brush_po code         1c0c    0       b4
                       brush_select_bru brush_se code         1cc0    2       f8
                       brush_select_bru brush_se code         1dc4    0        4
                       brush_select_bru brush_se code         1dc8    1      260
                       brush_stream_fon brush_st code         2030    0       84
                       buffer_ensure_al buffer_e code         20b4    1       60
                       cleanup_build_al cleanup_ code         211c    4      150
                       cleanup_build_an cleanup_ code         2284   22      974
                       cleanup_clear_au cleanup_ code         2c7c    1       40
                       cleanup_clear_rb cleanup_ code         2cc4    3       88
                       cleanup_clear_ve cleanup_ code         2d60    1       38
                       cleanup_draw_ban cleanup_ code         2da0    0       80
                       cleanup_draw_clo cleanup_ code         2e20    3      1b8
                       cleanup_draw_clo cleanup_ code         2fec    0       50
                       cleanup_draw_clo cleanup_ code         303c    3      1bc
                       cleanup_draw_dat cleanup_ code         320c    1       80
                       cleanup_draw_dat cleanup_ code         3294    0       6c
                       cleanup_draw_gri cleanup_ code         3300    1      214
                       cleanup_draw_ins cleanup_ code         351c    0      238
                       cleanup_draw_tim cleanup_ code         3754    0       8c
                       cleanup_format_c cleanup_ code         37e0    1       c0
                       cleanup_format_e cleanup_ code         38a8    1      234
                       cleanup_parse_al cleanup_ code         3ae4    3      7b0
esq:ESQ_fullc           14-Jul-26 08:41:51  Hunk Section                Page 1-2

 num hunk         size filename         punit    type         base  alv     size
                       cleanup_process_ cleanup_ code         42a8   15      3a4
                       cleanup_release_ cleanup_ code         46a8    2      29c
                       cleanup_shutdown cleanup_ code         4950    2       90
                       cleanup_shutdown cleanup_ code         49ec   13      1f8
                       cleanup_test_ent cleanup_ code         4c34    0       60
                       cleanup_update_e cleanup_ code         4c94    1       c4
                       clock_check_date clock_ch code         4d60    0       1c
                       clock_seconds_fr clock_se code         4d7c    0       1c
                       coi_alloc_sub_en coi_allo code         4d98    1       58
                       coi_append_anim_ coi_appe code         4df8    0        c
                       coi_clear_anim_o coi_clea code         4e04    0        4
                       coi_clear_anim_o coi_clea code         4e08    0       ac
                       coi_compute_entr coi_comp code         4eb4    0        c
                       coi_compute_entr coi_comp code         4ec0    4      10c
                       coi_count_escape coi_coun code         4fe4    0       54
                       coi_ensure_anim_ coi_ensu code         5038    0       68
                       coi_format_entry coi_form code         50a0    0        c
                       coi_format_entry coi_form code         50ac    2      170
                       coi_free_entry_r coi_free code         5228    0        4
                       coi_free_entry_r coi_free code         522c    0       48
                       coi_free_sub_ent coi_free code         5274    0        4
                       coi_free_sub_ent coi_free code         5278    1      118
                       coi_get_anim_fie coi_get_ code         5398    0        4
                       coi_get_anim_fie coi_get_ code         539c    0      144
                       coi_load_oi_data coi_load code         54e0    4      a7c
                       coi_process_entr coi_proc code         5f74    0       34
                       coi_render_clock coi_rend code         5fa8    0        4
                       coi_select_anim_ coi_sele code         5fac    0       30
                       coi_test_entry_w coi_test code         5fdc    0        4
                       coi_test_entry_w coi_test code         5fe0    0      154
                       coi_write_oi_dat coi_writ code         6134    0      50c
                       ctasks_close_tas ctasks_c code         6640    0       5c
                       ctasks_iff_task_ ctasks_i code         669c    1       f4
                       ctasks_start_clo ctasks_s code         6798    1       8c
                       ctasks_start_iff ctasks_s code         682c    1       d4
                       datetime_adjust_ datetime code         6908    0       54
                       datetime_build_f datetime code         695c    0       6c
                       datetime_build_f datetime code         69c8    0       30
                       datetime_classif datetime code         69f8    0       80
                       datetime_copy_pa datetime code         6a78    0       9c
                       datetime_format_ datetime code         6b14    1      1fc
                       datetime_isleapy datetime code         6d18    0       4c
                       datetime_normali datetime code         6d64    0       48
                       datetime_normali datetime code         6dac    0      238
                       datetime_parse_s datetime code         6fe4    0      1ac
                       datetime_save_pa datetime code         7190    0       78
                       datetime_seconds datetime code         7208    2      204
                       datetime_update_ datetime code         7418    0       4c
                       diskio_close_buf diskio_c code         7464    4       b8
                       diskio_consume_c diskio_c code         7534    0       44
                       diskio_consume_l diskio_c code         7578    0       88
                       diskio_draw_tran diskio_d code         7600    0       60
                       diskio_ensure_pc diskio_e code         7660    1       44
esq:ESQ_fullc           14-Jul-26 08:41:51  Hunk Section                Page 1-3

 num hunk         size filename         punit    type         base  alv     size
                       diskio_force_ui_ diskio_f code         76ac    0       20
                       diskio_get_files diskio_g code         76cc    0       4c
                       diskio_load_conf diskio_l code         7718    0       54
                       diskio_load_file diskio_l code         776c    1       d8
                       diskio_open_file diskio_o code         784c    0       98
                       diskio_parse_con diskio_p code         78e4    2      844
                       diskio_parse_lon diskio_p code         8134    0       24
                       diskio_probe_dri diskio_p code         8158    4      344
                       diskio_query_dis diskio_q code         84b4    3      100
                       diskio_query_vol diskio_q code         85c8    0      100
                       diskio_reset_ctr diskio_r code         86c8    2       40
                       diskio_return_st diskio_r code         8714    0        8
                       diskio_save_conf diskio_s code         871c    0       50
                       diskio_write_buf diskio_w code         876c    0       cc
                       diskio_write_byt diskio_w code         8838    0       58
                       diskio_write_dec diskio_w code         8890    0       54
                       diskio1_accumula diskio1_ code         88e4    0       68
                       diskio1_advance_ diskio1_ code         894c    0       28
                       diskio1_append_a diskio1_ code         8974    1       d4
                       diskio1_dump_def diskio1_ code         8a50    0       f0
                       diskio1_dump_pro diskio1_ code         8b40    3      1b8
                       diskio1_dump_pro diskio1_ code         8d0c    0      14c
                       diskio1_dump_pro diskio1_ code         8e58    0      1a0
                       diskio1_format_m diskio1_ code         8ff8    0       d4
                       diskio1_mask_dec diskio1_ code         90cc    0       88
                       diskio1_mask_val diskio1_ code         9154    0       58
                       diskio1_return_s diskio1_ code         91ac    0        8
                       diskio1_selected diskio1_ code         91b4    1       cc
                       diskio2_copy_san diskio2_ code         9288    1      104
                       diskio2_display_ diskio2_ code         9394    2       5c
                       diskio2_flush_re diskio2_ code         93fc    1       ac
                       diskio2_handle_i diskio2_ code         94b0    8      598
                       diskio2_load_cur diskio2_ code         9a78    3      5dc
                       diskio2_load_nxt diskio2_ code         a068    0      3d8
                       diskio2_load_oin diskio2_ code         a440    0       c8
                       diskio2_parse_in diskio2_ code         a508    1       14
                       diskio2_receive_ diskio2_ code         a524    0      258
                       diskio2_run_disk diskio2_ code         a77c    7       e8
                       diskio2_write_cu diskio2_ code         a890    0      3b0
                       diskio2_write_nx diskio2_ code         ac40    0      2e0
                       diskio2_write_oi diskio2_ code         af20    0       ec
                       diskio2_write_qt diskio2_ code         b00c    0      184
                       displib_apply_in displib_ code         b190    2      144
                       displib_commit_c displib_ code         b2e0    0       58
                       displib_display_ displib_ code         b338    2       54
                       displib_find_pre displib_ code         b398    0       80
                       displib_normaliz displib_ code         b418    0       2c
                       displib_reset_li displib_ code         b444    0       64
                       displib_reset_te displib_ code         b4a8    0       20
                       displib_return_s displib_ code         b4c8    0        4
                       disptext_append_ disptext code         b4cc    1       f8
                       disptext_buffer_ disptext code         b5cc    0       ac
                       disptext_build_l disptext code         b678    2      19c
esq:ESQ_fullc           14-Jul-26 08:41:51  Hunk Section                Page 1-4

 num hunk         size filename         punit    type         base  alv     size
                       disptext_compute disptext code         b820    0       a4
                       disptext_layout_ disptext code         b8c4    0      298
                       disptext_layout_ disptext code         bb5c    0       b4
                       disptext_layout_ disptext code         bc10    0      16c
                       disptext_layout_ disptext code         bd7c    1       40
                       disptext_marker_ disptext code         bdc4    1       8c
                       disptext_render_ disptext code         be58    1      140
                       disptext_small_h disptext code         bfa0    0      108
                       disptext_table_h disptext code         c0a8    0       9c
                       dos_close_with_s dos_clos code         c144    1       28
                       dos_delay.o      dos_dela code         c174    0       18
                       dos_delete_and_r dos_dele code         c18c    2       90
                       dos_movep_word_r dos_move code         c228    0        4
                       dos_open_file_wi dos_open code         c22c    0       24
                       dos_open_new_fil dos_open code         c250    0       88
                       dos_open_with_er dos_open code         c2d8    0       5c
                       dos_seek_by_inde dos_seek code         c334    2       48
                       dos_write_by_ind dos_writ code         c388    0       64
                       dos_write_with_e dos_writ code         c3ec    0       60
                       dst_add_time_off dst_add_ code         c44c    0       48
                       dst_allocate_ban dst_allo code         c494    0       90
                       dst_build_banner dst_buil code         c524    1      1e8
                       dst_build_banner dst_buil code         c714    0       40
                       dst_compute_bann dst_comp code         c754    1       8c
                       dst_format_banne dst_form code         c7e8    0       e0
                       dst_free_banner_ dst_free code         c8c8    0       28
                       dst_free_banner_ dst_free code         c8f0    0       68
                       dst_handle_banne dst_hand code         c958    0       9c
                       dst_load_banner_ dst_load code         c9f4    1      108
                       dst_normalize_da dst_norm code         cb04    0       6c
                       dst_rebuild_bann dst_rebu code         cb70    0       48
                       dst_refresh_bann dst_refr code         cbb8    0       50
                       dst_tick_banner_ dst_tick code         cc08    0       48
                       dst_update_banne dst_upda code         cc50    0      178
                       dst_write_rtc_fr dst_writ code         cdc8    1        8
                       ed_apply_active_ ed_apply code         cdd8    0       38
                       ed_capture_key_s ed_captu code         ce10    1      154
                       ed_commit_curren ed_commi code         cf6c    1       24
                       ed_decrement_ad_ ed_decre code         cf98    0       1c
                       ed_dispatch_esc_ ed_dispa code         cfb4    1      170
                       ed_draw_ad_editi ed_draw_ code         d12c    4      1d8
                       ed_draw_ad_numbe ed_draw_ code         d31c    2      23c
                       ed_draw_are_you_ ed_draw_ code         d564    0       7c
                       ed_draw_bottom_h ed_draw_ code         d5e0    0       64
                       ed_draw_current_ ed_draw_ code         d644    2      124
                       ed_draw_cursor_c ed_draw_ code         d774    0       d8
                       ed_draw_diagnost ed_draw_ code         d84c    0      11c
                       ed_draw_diagnost ed_draw_ code         d968    0      2f4
                       ed_draw_diagnost ed_draw_ code         dc5c    0      1dc
                       ed_draw_edit_hel ed_draw_ code         de38    0      23c
                       ed_draw_esc_main ed_draw_ code         e074    0      144
                       ed_draw_esc_menu ed_draw_ code         e1b8    0       14
                       ed_draw_esc_menu ed_draw_ code         e1cc    0       e0
esq:ESQ_fullc           14-Jul-26 08:41:51  Hunk Section                Page 1-5

 num hunk         size filename         punit    type         base  alv     size
                       ed_draw_help_pan ed_draw_ code         e2ac    0       d4
                       ed_draw_menu_sel ed_draw_ code         e380    0       e4
                       ed_draw_scroll_s ed_draw_ code         e464    0      1b0
                       ed_draw_special_ ed_draw_ code         e614    0       e0
                       ed_enter_text_ed ed_enter code         e6f4    0       30
                       ed_find_next_cha ed_find_ code         e724    1       34
                       ed_get_esc_menu_ ed_get_e code         e760    0       a8
                       ed_handle_diagno ed_handl code         e808    1      1a8
                       ed_handle_edit_a ed_handl code         e9b8    0       a0
                       ed_handle_edit_a ed_handl code         ea58    0      2b4
                       ed_handle_editor ed_handl code         ed0c    1      9d4
                       ed_handle_specia ed_handl code         f6e8    0      314
                       ed_increment_ad_ ed_incre code         f9fc    0       20
                       ed_init_rastport ed_init_ code         fa1c    0       64
                       ed_is_confirm_ke ed_is_co code         fa80    0       2c
                       ed_load_current_ ed_load_ code         faac    2      1a4
                       ed_load_text_ads ed_load_ code         fc5c    1       38
                       ed_next_ad_numbe ed_next_ code         fc9c    0       20
                       ed_prev_ad_numbe ed_prev_ code         fcbc    0       1c
                       ed_reboot_comput ed_reboo code         fcd8    0       48
                       ed_redraw_all_ro ed_redra code         fd20    0       90
                       ed_redraw_cursor ed_redra code         fdb0    0       34
                       ed_redraw_row.o  ed_redra code         fde4    0       8c
                       ed_save_everythi ed_save_ code         fe70    0       3c
                       ed_save_prevue_d ed_save_ code         feac    0       38
                       ed_transform_lin ed_trans code         fee4    0      1d8
                       ed_transform_lin ed_trans code        100bc    0      1e0
                       ed_transform_lin ed_trans code        1029c    0      294
                       ed_update_active ed_updat code        10530    0      180
                       ed_update_ad_num ed_updat code        106b0    0       a0
                       ed_update_cursor ed_updat code        10750    0       44
                       ed1_clear_esc_me ed1_clea code        10794    0        8
                       ed1_draw_diagnos ed1_draw code        1079c    2      154
                       ed1_draw_status_ ed1_draw code        108fc    2       44
                       ed1_draw_status_ ed1_draw code        1094c    1       d0
                       ed1_enter_esc_me ed1_ente code        10a24    1       10
                       ed1_enter_esc_me ed1_ente code        10a3c    8      208
                       ed1_exit_esc_men ed1_exit code        10c74    1      124
                       ed1_handle_esc_m ed1_hand code        10da0    0      17c
                       ed1_jmptbl_stubs ed1_jmpt code        10f1c    8       b0
                       ed1_update_esc_m ed1_upda code        10ffc    0       38
                       ed1_wait_for_fla ed1_wait code        11034    0       30
                       ed1_wait_for_fla ed1_wait code        11064    0       30
                       ed2_draw_entry_d ed2_draw code        11094    3      2ec
                       ed2_draw_entry_s ed2_draw code        11394    0      254
                       ed2_handle_diagn ed2_hand code        115e8    7      410
                       ed2_handle_menu_ ed2_hand code        11a24   19      854
                       ed2_handle_scrol ed2_hand code        122ec    0      15c
                       esq_adjust_brack esq_adju code        12448    0       a8
                       esq_advance_bann esq_adva code        124f0    0       14
                       esq_bump_color_t esq_bump code        12504    0       6c
                       esq_calc_day_of_ esq_calc code        12570    0       58
                       esq_capture_ctrl esq_capt code        125c8    1      1ac
esq:ESQ_fullc           14-Jul-26 08:41:51  Hunk Section                Page 1-6

 num hunk         size filename         punit    type         base  alv     size
                       esq_capture_ctrl esq_capt code        1277c    0       34
                       esq_capture_ctrl esq_capt code        127b0    1      1b0
                       esq_check_availa esq_chec code        12968    0       2c
                       esq_check_compat esq_chec code        12994    0       34
                       esq_check_topaz_ esq_chec code        129c8    6      1bc
                       esq_clamp_banner esq_clam code        12ba8    0       ec
                       esq_cold_reboot_ esq_cold code        12c94    2       3c
                       esq_copper_list_ esq_copp code        12cdc    0       c0
                       esq_dec_color_st esq_dec_ code        12d9c    0       3c
                       esq_dec_copper_l esq_dec_ code        12dd8    0       54
                       esq_find_substri esq_find code        12e2c    0       78
                       esq_format_disk_ esq_form code        12ea4    1       84
                       esq_format_time_ esq_form code        12f30    0       e8
                       esq_generate_xor esq_gene code        13018    0       50
                       esq_get_half_hou esq_get_ code        13068    0       50
                       esq_handle_seria esq_hand code        130b8    0       e0
                       esq_inc_copper_l esq_inc_ code        13198    0       60
                       esq_init_audio1_ esq_init code        131f8    0       48
                       esq_invoke_gcomm esq_invo code        13240    1       1c
                       esq_main_entry_n esq_main code        13264    0        4
                       esq_main_exit_no esq_main code        13268    0        4
                       esq_main_init_an esq_main code        1326c   51     12a4
                       esq_move_copper_ esq_move code        14644    0       8c
                       esq_move_copper_ esq_move code        146d0    0       94
                       esq_noop_006a.o  esq_noop code        14764    0        4
                       esq_noop_0074.o  esq_noop code        14768    0        4
                       esq_noop.o       esq_noop code        1476c    0        4
                       esq_packbits_dec esq_pack code        14770    0       5c
                       esq_parse_comman esq_pars code        147cc    6      254
                       esq_poll_ctrl_in esq_poll code        14a44    0       28
                       esq_read_serial_ esq_read code        14a6c    0       70
                       esq_return_with_ esq_retu code        14adc    0       14
                       esq_reverse_bits esq_reve code        14af0    0       64
                       esq_seed_minute_ esq_seed code        14b54    0       3c
                       esq_set_bit1_bas esq_set_ code        14b90    0       34
                       esq_set_copper_e esq_set_ code        14bc4    0       24
                       esq_set_copper_e esq_set_ code        14be8    0       34
                       esq_set_copper_e esq_set_ code        14c1c    0       10
                       esq_set_copper_e esq_set_ code        14c2c    1       3c
                       esq_set_copper_e esq_set_ code        14c70    1       30
                       esq_set_copper_e esq_set_ code        14ca8    0       2c
                       esq_shutdown_and esq_shut code        14cd4    5       70
                       esq_startup_entr esq_star code        14d64    4      2f0
                       esq_store_ctrl_s esq_stor code        1506c    0       44
                       esq_supervisor_c esq_supe code        150b0    0       2c
                       esq_terminate_af esq_term code        150dc    0       28
                       esq_test_bit1_ba esq_test code        15104    0       3c
                       esq_tick_clock_a esq_tick code        15140    0      124
                       esq_tick_global_ esq_tick code        15264    1      154
                       esq_try_rom_writ esq_try_ code        153c0    0        4
                       esq_update_coppe esq_upda code        153c4    0      118
                       esq_update_month esq_upda code        154dc    0       3c
                       esq_wildcard_mat esq_wild code        15518    0       4c
esq:ESQ_fullc           14-Jul-26 08:41:51  Hunk Section                Page 1-7

 num hunk         size filename         punit    type         base  alv     size
                       esq_write_dec_fi esq_writ code        15564    0       58
                       esqdisp_allocate esqdisp_ code        155bc    0        4
                       esqdisp_allocate esqdisp_ code        155c0    0       a0
                       esqdisp_apply_st esqdisp_ code        15660    0       f4
                       esqdisp_compute_ esqdisp_ code        15754    2       44
                       esqdisp_draw_sta esqdisp_ code        157a4    0        4
                       esqdisp_draw_sta esqdisp_ code        157a8    2      26c
                       esqdisp_fill_pro esqdisp_ code        15a20    0        4
                       esqdisp_fill_pro esqdisp_ code        15a24    0       50
                       esqdisp_get_entr esqdisp_ code        15a74    0       e0
                       esqdisp_init_hig esqdisp_ code        15b54    0        4
                       esqdisp_init_hig esqdisp_ code        15b58    0       24
                       esqdisp_jmptbl_s esqdisp_ code        15b7c    1       24
                       esqdisp_mirror_p esqdisp_ code        15ba8    0        4
                       esqdisp_mirror_p esqdisp_ code        15bac    1       e0
                       esqdisp_normaliz esqdisp_ code        15c94    4       5c
                       esqdisp_parse_pr esqdisp_ code        15d08    0        4
                       esqdisp_parse_pr esqdisp_ code        15d0c    0      44c
                       esqdisp_poll_inp esqdisp_ code        16158    0       68
                       esqdisp_process_ esqdisp_ code        161c0    0       20
                       esqdisp_promote_ esqdisp_ code        161e0    1       f8
                       esqdisp_promote_ esqdisp_ code        162e0    0       3c
                       esqdisp_propagat esqdisp_ code        1631c    0      1ac
                       esqdisp_queue_hi esqdisp_ code        164c8    1       c8
                       esqdisp_refresh_ esqdisp_ code        16598    0        c
                       esqdisp_set_stat esqdisp_ code        165a4    2      118
                       esqdisp_test_ent esqdisp_ code        166c8    0       38
                       esqdisp_test_ent esqdisp_ code        16700    0        4
                       esqdisp_test_ent esqdisp_ code        16704    0       50
                       esqdisp_test_wor esqdisp_ code        16754    0       14
                       esqdisp_update_s esqdisp_ code        16768    0        4
                       esqdisp_update_s esqdisp_ code        1676c    0       4c
                       esqfunc_allocate esqfunc_ code        167b8    0       58
                       esqfunc_commit_s esqfunc_ code        16810    7       6c
                       esqfunc_draw_dia esqfunc_ code        168a8    4      3bc
                       esqfunc_draw_esc esqfunc_ code        16c7c    1       f4
                       esqfunc_draw_mem esqfunc_ code        16d78    0      4dc
                       esqfunc_free_ext esqfunc_ code        17254    0       a8
                       esqfunc_free_lin esqfunc_ code        172fc    1       3c
                       esqfunc_jmptbl_s esqfunc_ code        17340    0        8
                       esqfunc_jmptbl_s esqfunc_ code        17348    0        8
                       esqfunc_jmptbl_s esqfunc_ code        17350    5      148
                       esqfunc_process_ esqfunc_ code        174b8    1      264
                       esqfunc_rebuild_ esqfunc_ code        17724    2       78
                       esqfunc_select_a esqfunc_ code        177a8    1      280
                       esqfunc_service_ esqfunc_ code        17a30    0       10
                       esqfunc_trim_tex esqfunc_ code        17a40    0        c
                       esqfunc_trim_tex esqfunc_ code        17a4c    1       84
                       esqfunc_update_d esqfunc_ code        17ad8    0       78
                       esqfunc_update_r esqfunc_ code        17b50    0       6c
                       esqfunc_wait_for esqfunc_ code        17bbc    0       10
                       esqiff_deallocat esqiff_d code        17bcc    0       6c
                       esqiff_draw_weat esqiff_d code        17c38    0       a8
esq:ESQ_fullc           14-Jul-26 08:41:51  Hunk Section                Page 1-8

 num hunk         size filename         punit    type         base  alv     size
                       esqiff_handle_br esqiff_h code        17ce0    2       80
                       esqiff_jmptbl_st esqiff_j code        17d6c    2       70
                       esqiff_jmptbl_st esqiff_j code        17de8    3       60
                       esqiff_jmptbl_st esqiff_j code        17e5c    1       50
                       esqiff_jmptbl_st esqiff_j code        17eb4    0       68
                       esqiff_jmptbl_st esqiff_j code        17f1c    2       50
                       esqiff_jmptbl_st esqiff_j code        17f78    2       4c
                       esqiff_jmptbl_st esqiff_j code        17fd0    2       5c
                       esqiff_jmptbl_st esqiff_j code        18038    1       58
                       esqiff_jmptbl_st esqiff_j code        18098    0       24
                       esqiff_play_next esqiff_p code        180bc    1      208
                       esqiff_queue_iff esqiff_q code        182cc    0      120
                       esqiff_queue_nex esqiff_q code        183ec    0      3a0
                       esqiff_read_next esqiff_r code        1878c    0       f0
                       esqiff_reload_ex esqiff_r code        1887c    0      224
                       esqiff_render_we esqiff_r code        18aa0    0        4
                       esqiff_render_we esqiff_r code        18aa4    0      1a0
                       esqiff_restore_b esqiff_r code        18c44    0       24
                       esqiff_run_coppe esqiff_r code        18c68    0       10
                       esqiff_run_coppe esqiff_r code        18c78    0       10
                       esqiff_run_pendi esqiff_r code        18c88    0       74
                       esqiff_service_e esqiff_s code        18cfc    0       b0
                       esqiff_service_p esqiff_s code        18dac    0      16c
                       esqiff_set_apen_ esqiff_s code        18f18    1       a4
                       esqiff_show_exte esqiff_s code        18fc4    2      35c
                       esqiff2_apply_in esqiff2_ code        1932c    1      11c
                       esqiff2_clear_li esqiff2_ code        19450    0       70
                       esqiff2_clear_pr esqiff2_ code        194c0    0       44
                       esqiff2_pad_entr esqiff2_ code        19504    0       f4
                       esqiff2_parse_gr esqiff2_ code        195f8    1      3a4
                       esqiff2_parse_li esqiff2_ code        199a4    0      204
                       esqiff2_read_rbf esqiff2_ code        19ba8    1       2c
                       esqiff2_read_rbf esqiff2_ code        19bdc    0       30
                       esqiff2_read_ser esqiff2_ code        19c0c    0      108
                       esqiff2_read_ser esqiff2_ code        19d14    0       f8
                       esqiff2_return_s esqiff2_ code        19e0c    0       18
                       esqiff2_show_ver esqiff2_ code        19e24    5      168
                       esqiff2_validate esqiff2_ code        19fac    0       28
                       esqiff2_validate esqiff2_ code        19fd4    0       38
                       esqpars_apply_rt esqpars_ code        1a00c    1       8c
                       esqpars_clear_al esqpars_ code        1a0a0    0       70
                       esqpars_consume_ esqpars_ code        1a110   11     12e4
                       esqpars_jmptbl_e esqpars_ code        1b438    0       18
                       esqpars_jmptbl_s esqpars_ code        1b450    3      1e4
                       esqpars_persist_ esqpars_ code        1b648    0       2c
                       esqpars_read_len esqpars_ code        1b674    0       48
                       esqpars_remove_g esqpars_ code        1b6bc    0      13c
                       esqpars_replace_ esqpars_ code        1b7f8    1       a4
                       esqpars_return_s esqpars_ code        1b8a4    0        8
                       esqproto_copy_la esqproto code        1b8ac    0       4c
                       esqproto_parse_d esqproto code        1b8f8    0       ac
                       esqproto_verify_ esqproto code        1b9a4    1       78
                       esqproto_verify_ esqproto code        1ba24    1       78
esq:ESQ_fullc           14-Jul-26 08:41:51  Hunk Section                Page 1-9

 num hunk         size filename         punit    type         base  alv     size
                       esqshared_apply_ esqshare code        1baa4    0       30
                       esqshared_compre esqshare code        1bad4    2       5c
                       esqshared_init_e esqshare code        1bb3c    0       4c
                       esqshared_jmptbl esqshare code        1bb88    3       dc
                       esqshared_match_ esqshare code        1bc78    0      10c
                       esqshared_normal esqshare code        1bd84    0       e8
                       esqshared_parse_ esqshare code        1be6c    1       70
                       esqshared_replac esqshare code        1bee4    0       ac
                       esqshared_replac esqshare code        1bf90    0       ac
                       esqshared_return esqshare code        1c03c    0        8
                       esqshared4_apply esqshare code        1c044    0       20
                       esqshared4_bind_ esqshare code        1c064    0       6c
                       esqshared4_blit_ esqshare code        1c0d0    0       68
                       esqshared4_clear esqshare code        1c138    0       20
                       esqshared4_compu esqshare code        1c158    0       64
                       esqshared4_copy_ esqshare code        1c1bc    0       7c
                       esqshared4_copy_ esqshare code        1c238    0       74
                       esqshared4_copy_ esqshare code        1c2ac    0       58
                       esqshared4_copy_ esqshare code        1c304    0       28
                       esqshared4_copy_ esqshare code        1c32c    0       64
                       esqshared4_decod esqshare code        1c390    0       34
                       esqshared4_initi esqshare code        1c3c4    0       b0
                       esqshared4_load_ esqshare code        1c474    0       78
                       esqshared4_load_ esqshare code        1c4ec    0        4
                       esqshared4_progr esqshare code        1c4f0    0       d0
                       esqshared4_reset esqshare code        1c5c0    0       40
                       esqshared4_reset esqshare code        1c600    0       24
                       esqshared4_set_b esqshare code        1c624    0       2c
                       esqshared4_set_b esqshare code        1c650    0       6c
                       esqshared4_setup esqshare code        1c6bc    0      1e0
                       esqshared4_snaps esqshare code        1c89c    0       20
                       esqshared4_tick_ esqshare code        1c8bc    1       e4
                       flib_append_cloc flib_app code        1c9a8    1      19c
                       flib_return_stub flib_ret code        1cb4c    0        4
                       flib2_defaults.o flib2_de code        1cb50    0      1c0
                       format_raw_dofmt format_r code        1cd10    1       2c
                       format_to_buffer format_t code        1cd44    7      624
                       format_to_callba format_t code        1d394    1       8c
                       gcommand_add_ban gcommand code        1d428    0       20
                       gcommand_adjust_ gcommand code        1d448    0       60
                       gcommand_apply_h gcommand code        1d4a8    0      120
                       gcommand_build_b gcommand code        1d5c8    0      20c
                       gcommand_build_b gcommand code        1d7d4    0      190
                       gcommand_build_b gcommand code        1d964    2       ec
                       gcommand_clear_b gcommand code        1da5c    0       24
                       gcommand_compute gcommand code        1da80    0       7c
                       gcommand_consume gcommand code        1dafc    0       a0
                       gcommand_copy_gf gcommand code        1db9c    5       8c
                       gcommand_copy_im gcommand code        1dc48    0      5f8
                       gcommand_disable gcommand code        1e240    0        c
                       gcommand_enable_ gcommand code        1e24c    0       10
                       gcommand_expand_ gcommand code        1e25c    0       60
                       gcommand_find_pa gcommand code        1e2bc    0       58
esq:ESQ_fullc           14-Jul-26 08:41:51  Hunk Section               Page 1-10

 num hunk         size filename         punit    type         base  alv     size
                       gcommand_get_ban gcommand code        1e314    0        c
                       gcommand_init_pr gcommand code        1e320    0       10
                       gcommand_init_pr gcommand code        1e330    1       6c
                       gcommand_init_pr gcommand code        1e3a4    0       d8
                       gcommand_load_co gcommand code        1e47c    3       a4
                       gcommand_load_de gcommand code        1e534    1       74
                       gcommand_load_mp gcommand code        1e5b0    0       f0
                       gcommand_load_mp gcommand code        1e6a0    1       ec
                       gcommand_load_pp gcommand code        1e794    0       f0
                       gcommand_load_pp gcommand code        1e884    1       e8
                       gcommand_load_pr gcommand code        1e974    0       5c
                       gcommand_map_key gcommand code        1e9d0    0       64
                       gcommand_parse_c gcommand code        1ea34    0      24c
                       gcommand_parse_c gcommand code        1ec80    0      440
                       gcommand_parse_p gcommand code        1f0c0    1      424
                       gcommand_process gcommand code        1f4ec    0       8c
                       gcommand_rebuild gcommand code        1f578    0      1a8
                       gcommand_refresh gcommand code        1f720    0       80
                       gcommand_reset_b gcommand code        1f7a0    0       3c
                       gcommand_reset_h gcommand code        1f7dc    0       80
                       gcommand_reset_p gcommand code        1f85c    0       50
                       gcommand_save_br gcommand code        1f8ac    3      110
                       gcommand_seed_ba gcommand code        1f9d0    0       70
                       gcommand_seed_ba gcommand code        1fa40    0       4c
                       gcommand_service gcommand code        1fa8c    2       e8
                       gcommand_set_pre gcommand code        1fb80    0       38
                       gcommand_tick_hi gcommand code        1fbb8    0       a8
                       gcommand_tick_pr gcommand code        1fc60    0       74
                       gcommand_update_ gcommand code        1fcd4    0       ac
                       gcommand_update_ gcommand code        1fd80    0       68
                       gcommand_update_ gcommand code        1fde8    0       c4
                       gcommand_update_ gcommand code        1feac    0       58
                       gcommand_validat gcommand code        1ff04    0       c0
                       gcommand3_return gcommand code        1ffc4    0        c
                       get_bit_3_of_cia get_bit_ code        1ffd0    0       20
                       get_bit_4_of_cia get_bit_ code        1fff0    0       20
                       graphics_alloc_r graphics code        20010    0       20
                       graphics_free_ra graphics code        20030    0       28
                       group_aa_jmptbl_ group_aa code        20058    2       7c
                       group_ab_jmptbl_ group_ab code        200e0    4       9c
                       group_ac_jmptbl_ group_ac code        20194    1        8
                       group_ac_jmptbl_ group_ac code        201a4   11       b8
                       group_ad_jmptbl_ group_ad code        202a0    0        8
                       group_ad_jmptbl_ group_ad code        202a8   15      1e8
                       group_ad_jmptbl_ group_ad code        204ec    1       14
                       group_ae_jmptbl_ group_ae code        20508    1       1c
                       group_ae_jmptbl_ group_ae code        2052c    5      150
                       group_af_jmptbl_ group_af code        2069c    0        8
                       group_ag_jmptbl_ group_ag code        206a4    3       28
                       group_ag_jmptbl_ group_ag code        206e0    0       38
                       group_ag_jmptbl_ group_ag code        20718    0       24
                       group_ag_jmptbl_ group_ag code        2073c    0       24
                       group_ag_jmptbl_ group_ag code        20760    2       54
esq:ESQ_fullc           14-Jul-26 08:41:51  Hunk Section               Page 1-11

 num hunk         size filename         punit    type         base  alv     size
                       group_ag_jmptbl_ group_ag code        207c0    2       40
                       group_ag_jmptbl_ group_ag code        2080c    1       30
                       group_ag_jmptbl_ group_ag code        20844    2       30
                       group_ah_jmptbl_ group_ah code        20880    8      128
                       group_ai_jmptbl_ group_ai code        209d8    3      104
                       group_aj_jmptbl_ group_aj code        20af0    2       94
                       group_ak_jmptbl_ group_ak code        20b90    1        8
                       group_ak_jmptbl_ group_ak code        20ba0    8       b8
                       group_ak_jmptbl_ group_ak code        20c88    3       24
                       group_al_jmptbl_ group_al code        20cc0    1       bc
                       group_am_jmptbl_ group_am code        20d84    1        8
                       group_am_jmptbl_ group_am code        20d94   17      154
                       group_ar_jmptbl_ group_ar code        20f50    0       24
                       group_as_jmptbl_ group_as code        20f74    0       38
                       group_at_jmptbl_ group_at code        20fac    0        8
                       group_at_jmptbl_ group_at code        20fb4    0       24
                       group_au_jmptbl_ group_au code        20fd8    0       38
                       group_av_jmptbl_ group_av code        21010    4       7c
                       group_aw_jmptbl_ group_aw code        210a4    1        8
                       group_aw_jmptbl_ group_aw code        210b4    3       c8
                       group_ax_jmptbl_ group_ax code        21190    0        8
                       group_ay_jmptbl_ group_ay code        21198    5       d4
                       group_az_jmptbl_ group_az code        2128c    1        8
                       group_main_a_jmp group_ma code        2129c    3       24
                       group_main_b_jmp group_ma code        212d4    2       54
                       handle_get_entry handle_g code        21334    0       5c
                       handle_open_entr handle_o code        21390    4      1ac
                       handle_open_from handle_o code        21554    1      18c
                       handle_open_with handle_o code        216e8    1       90
                       kybd_initialize_ kybd_ini code        21780    4      21c
                       ladfunc_alloc_ba ladfunc_ code        219b4    0       48
                       ladfunc_build_en ladfunc_ code        219fc    0      170
                       ladfunc_build_hi ladfunc_ code        21b6c    1      21c
                       ladfunc_clear_ba ladfunc_ code        21d90    0       70
                       ladfunc_compose_ ladfunc_ code        21e00    0       28
                       ladfunc_display_ ladfunc_ code        21e28    2       64
                       ladfunc_draw_ent ladfunc_ code        21e98    0      3e8
                       ladfunc_draw_ent ladfunc_ code        22280    4      318
                       ladfunc_free_ban ladfunc_ code        225b0    0       d4
                       ladfunc_get_pack ladfunc_ code        22684    0       1c
                       ladfunc_get_pack ladfunc_ code        226a0    0       18
                       ladfunc_load_tex ladfunc_ code        226b8    0      27c
                       ladfunc_parse_ba ladfunc_ code        22934    1      300
                       ladfunc_parse_he ladfunc_ code        22c3c    0       4c
                       ladfunc_reflow_e ladfunc_ code        22c88    0      27c
                       ladfunc_repack_e ladfunc_ code        22f04    0      348
                       ladfunc_reset_en ladfunc_ code        2324c    0       98
                       ladfunc_return_s ladfunc_ code        232e4    0        4
                       ladfunc_save_tex ladfunc_ code        232e8    0      1b4
                       ladfunc_set_pack ladfunc_ code        2349c    0       28
                       ladfunc_set_pack ladfunc_ code        234c4    0       28
                       ladfunc_update_e ladfunc_ code        234ec    0      128
                       ladfunc_update_h ladfunc_ code        23614    0       84
esq:ESQ_fullc           14-Jul-26 08:41:51  Hunk Section               Page 1-12

 num hunk         size filename         punit    type         base  alv     size
                       ladfunc2_emit_es ladfunc2 code        23698    0       a0
                       ladfunc2_emit_es ladfunc2 code        23738    0       24
                       ladfunc2_emit_es ladfunc2 code        2375c    0       38
                       ladfunc2_return_ ladfunc2 code        23794    0        4
                       locavail_compute locavail code        23798    0      198
                       locavail_free_no locavail code        23930    0      130
                       locavail_get_fil locavail code        23a60    0       2c
                       locavail_group_s locavail code        23a8c    0       8c
                       locavail_load_av locavail code        23b18    0      330
                       locavail_map_fil locavail code        23e48    0       54
                       locavail_parse_f locavail code        23e9c    1      290
                       locavail_reset_f locavail code        24134    0       28
                       locavail_return_ locavail code        2415c    0       48
                       locavail_save_av locavail code        241a4    0      1f0
                       locavail_set_fil locavail code        24394    0       30
                       locavail_state_a locavail code        243c4    0       d0
                       locavail_update_ locavail code        24494    0      31c
                       locavail2_auto_r locavail code        247b0    0        4
                       locavail2_displa locavail code        247b4    0       24
                       memlist_alloc_fr memlist_ code        247d8    0       ac
                       memory_allocate. memory_a code        24884    0       30
                       memory_deallocat memory_d code        248b4    0       34
                       newgrid_add_show newgrid_ code        248e8    1      158
                       newgrid_adjust_c newgrid_ code        24a48    4       70
                       newgrid_append_s newgrid_ code        24ad0    1       58
                       newgrid_append_s newgrid_ code        24b30    2      380
                       newgrid_apply_24 newgrid_ code        24ebc    0       90
                       newgrid_build_sh newgrid_ code        24f4c    2      5bc
                       newgrid_clear_en newgrid_ code        25514    1      134
                       newgrid_clear_hi newgrid_ code        25650    0       5c
                       newgrid_clear_ma newgrid_ code        256ac    0      144
                       newgrid_compute_ newgrid_ code        257f0    0       40
                       newgrid_compute_ newgrid_ code        25830    1       b0
                       newgrid_draw_awa newgrid_ code        258e8    1      120
                       newgrid_draw_clo newgrid_ code        25a10    1      20c
                       newgrid_draw_dat newgrid_ code        25c24    1      17c
                       newgrid_draw_emp newgrid_ code        25da8    0      1bc
                       newgrid_draw_ent newgrid_ code        25f64    6       b4
                       newgrid_draw_ent newgrid_ code        2603c    0       b8
                       newgrid_draw_gri newgrid_ code        260f4    0      168
                       newgrid_draw_gri newgrid_ code        2625c    0      2e0
                       newgrid_draw_gri newgrid_ code        2653c    0       98
                       newgrid_draw_gri newgrid_ code        265d4    4      42c
                       newgrid_draw_gri newgrid_ code        26a18    4      290
                       newgrid_draw_gri newgrid_ code        26cc0    4      1f0
                       newgrid_draw_gri newgrid_ code        26ec8    0      184
                       newgrid_draw_gri newgrid_ code        2704c    0      184
                       newgrid_draw_gri newgrid_ code        271d0    0      184
                       newgrid_draw_gri newgrid_ code        27354    0       90
                       newgrid_draw_gri newgrid_ code        273e4    2      1cc
                       newgrid_draw_gri newgrid_ code        275bc    0      1a8
                       newgrid_draw_gri newgrid_ code        27764    0       1c
                       newgrid_draw_sel newgrid_ code        27780    0      2fc
esq:ESQ_fullc           14-Jul-26 08:41:51  Hunk Section               Page 1-13

 num hunk         size filename         punit    type         base  alv     size
                       newgrid_draw_sho newgrid_ code        27a7c    0      2a4
                       newgrid_draw_sta newgrid_ code        27d20    0      1ec
                       newgrid_draw_top newgrid_ code        27f0c    0       38
                       newgrid_draw_wra newgrid_ code        27f44    0      1dc
                       newgrid_fill_gri newgrid_ code        28120    0       84
                       newgrid_find_nex newgrid_ code        281a4    0       dc
                       newgrid_find_nex newgrid_ code        28280    0      154
                       newgrid_find_nex newgrid_ code        283d4    0       e0
                       newgrid_get_entr newgrid_ code        284b4    0       80
                       newgrid_get_grid newgrid_ code        28534    0       14
                       newgrid_handle_a newgrid_ code        28548    3      1d4
                       newgrid_handle_d newgrid_ code        28730    2      188
                       newgrid_handle_g newgrid_ code        288c4    0       c0
                       newgrid_handle_g newgrid_ code        28984    0      1c8
                       newgrid_handle_s newgrid_ code        28b4c    0      168
                       newgrid_init_gri newgrid_ code        28cb4    1      180
                       newgrid_init_sel newgrid_ code        28e3c    0       90
                       newgrid_init_sel newgrid_ code        28ecc    1      100
                       newgrid_init_sho newgrid_ code        28fd4    0       38
                       newgrid_is_grid_ newgrid_ code        2900c    0       48
                       newgrid_jmptbl_s jmptbl_s code        29054    0       2c
                       newgrid_jmptbl_s newgrid_ code        29080    3      104
                       newgrid_map_sele newgrid_ code        29198    0       e8
                       newgrid_process_ newgrid_ code        29280    0      198
                       newgrid_process_ newgrid_ code        29418    0      618
                       newgrid_process_ newgrid_ code        29a30    7      5a0
                       newgrid_process_ newgrid_ code        29ffc    1      3fc
                       newgrid_process_ newgrid_ code        2a400    0      2d4
                       newgrid_process_ newgrid_ code        2a6d4    0      2b0
                       newgrid_rebuild_ newgrid_ code        2a984    0       9c
                       newgrid_reset_ro newgrid_ code        2aa20    0       30
                       newgrid_reset_sh newgrid_ code        2aa50    0       50
                       newgrid_select_e newgrid_ code        2aaa0    0      110
                       newgrid_select_n newgrid_ code        2abb0    0      2f4
                       newgrid_set_row_ newgrid_ code        2aea4    0       60
                       newgrid_set_sele newgrid_ code        2af04    0       70
                       newgrid_should_o newgrid_ code        2af74    0       54
                       newgrid_shutdown newgrid_ code        2afc8    0       34
                       newgrid_test_ent newgrid_ code        2affc    1       60
                       newgrid_test_ent newgrid_ code        2b064    0       c8
                       newgrid_test_mod newgrid_ code        2b12c    0       38
                       newgrid_test_pri newgrid_ code        2b164    0       60
                       newgrid_update_g newgrid_ code        2b1c4    1      168
                       newgrid_update_p newgrid_ code        2b334    0      184
                       newgrid_update_s newgrid_ code        2b4b8    0      2a8
                       newgrid_update_s newgrid_ code        2b760    0      2d0
                       newgrid_validate newgrid_ code        2ba30    0      174
                       newgrid2_buffer_ newgrid2 code        2bba4    0       9c
                       newgrid2_dispatc newgrid2 code        2bc40    0      15c
                       newgrid2_dispatc newgrid2 code        2bd9c    0       14
                       newgrid2_handle_ newgrid2 code        2bdb0    0      178
                       newgrid2_jmptbl_ newgrid2 code        2bf28    3      3d4
                       newgrid2_process newgrid2 code        2c310    0      1c4
esq:ESQ_fullc           14-Jul-26 08:41:51  Hunk Section               Page 1-14

 num hunk         size filename         punit    type         base  alv     size
                       oscall_stubs.o   oscall_s code        2c4d4    0      50c
                       override_intuiti override code        2c9e0    2       58
                       p_type_allocate_ p_type_a code        2ca44    0      104
                       p_type_clone_ent p_type_c code        2cb48    0       60
                       p_type_consume_p p_type_c code        2cba8    0       50
                       p_type_ensure_se p_type_e code        2cbf8    0       2c
                       p_type_free_entr p_type_f code        2cc24    0       50
                       p_type_get_subty p_type_g code        2cc74    0       28
                       p_type_jmptbl_st p_type_j code        2cc9c    0       1c
                       p_type_load_prom p_type_l code        2ccb8    2      1b0
                       p_type_parse_and p_type_p code        2ce74    1       ac
                       p_type_promote_s p_type_p code        2cf28    0       20
                       p_type_reset_lis p_type_r code        2cf48    0       14
                       p_type_write_pro p_type_w code        2cf5c    0      1a0
                       parallel_check_r parallel code        2d0fc    0        4
                       parallel_check_r parallel code        2d100    0        8
                       parallel_string_ parallel code        2d108    0       54
                       parallel_wait_re parallel code        2d15c    0        c
                       parallel_write_c parallel code        2d168    0       14
                       parallel_write_c parallel code        2d17c    0       74
                       parse_read_signe parse_re code        2d1f0    1       2c
                       parse_read_signe parse_re code        2d224    1       2c
                       parseini_handle_ parseini code        2d258    7      2c8
                       parseini_jmptbl_ parseini code        2d54c    1        8
                       parseini_jmptbl_ parseini code        2d55c    0       24
                       parseini_jmptbl_ parseini code        2d580   14      210
                       parseini_load_we parseini code        2d7e4    0       88
                       parseini_load_we parseini code        2d86c    0       5c
                       parseini_parse_c parseini code        2d8c8    2       b4
                       parseini_parse_h parseini code        2d988    0       44
                       parseini_parse_i parseini code        2d9cc    1      798
                       parseini_parse_r parseini code        2e16c    0      218
                       parseini_process parseini code        2e384    0      410
                       parseini_scan_lo parseini code        2e794    0      374
                       parseini_test_me parseini code        2eb08    0       a0
                       parseini2_adjust parseini code        2eba8    0       34
                       parseini2_jmptbl parseini code        2ebdc    7       7c
                       parseini2_normal parseini code        2ec84    0       90
                       parseini2_update parseini code        2ed14    0       b8
                       parseini2_write_ parseini code        2edcc    0       a4
                       parseini3_check_ parseini code        2ee70    1       f0
                       parseini3_comput parseini code        2ef68    0       3c
                       parseini3_monito parseini code        2efa4    0       f0
                       parseini3_update parseini code        2f094    0       3c
                       parseini3_write_ parseini code        2f0d0    3       5c
                       printf_putc_to_b printf_p code        2f140    0       20
                       render_short_mon render_s code        2f160    2      170
                       script_allocate_ script_a code        2f2dc    0       54
                       script_build_tok script_b code        2f330    0      10c
                       script_copy_weat script_c code        2f43c    0       48
                       script_deallocat script_d code        2f484    0       4c
                       script_draw_inse script_d code        2f4d0    1      188
                       script_get_banne script_g code        2f660    0       1c
esq:ESQ_fullc           14-Jul-26 08:41:51  Hunk Section               Page 1-15

 num hunk         size filename         punit    type         base  alv     size
                       script_jmptbl_st script_j code        2f67c    0       9c
                       script_reset_ban script_r code        2f718    0       1c
                       script_setup_hig script_s code        2f734    4      304
                       script2_assert_c script2_ code        2fa50    0       10
                       script2_assert_c script2_ code        2fa60    0        8
                       script2_assert_c script2_ code        2fa68    0       2c
                       script2_clear_ct script2_ code        2fa94    0       10
                       script2_deassert script2_ code        2faa4    0        8
                       script2_deassert script2_ code        2faac    0       28
                       script2_esq_capt script2_ code        2fad4    1        8
                       script2_get_ctrl script2_ code        2fae4    0        c
                       script2_jmptbl_s script2_ code        2faf0    1        c
                       script2_poll_han script2_ code        2fb04    0       44
                       script2_read_han script2_ code        2fb48    0       14
                       script2_read_han script2_ code        2fb5c    0       10
                       script2_read_nex script2_ code        2fb6c    0        8
                       script2_update_s script2_ code        2fb74    0       44
                       script2_write_ct script2_ code        2fbb8    0       2c
                       script3_apply_pe script3_ code        2fbe4    1       90
                       script3_begin_ba script3_ code        2fc7c    1      16c
                       script3_check_pa script3_ code        2fdf0    0       38
                       script3_clear_se script3_ code        2fe28    0       1c
                       script3_dispatch script3_ code        2fe44    3      218
                       script3_generate script3_ code        30070    0       64
                       script3_handle_b script3_ code        300d4    3      918
                       script3_handle_s script3_ code        30a00    0      33c
                       script3_init_ctr script3_ code        30d3c    0       14
                       script3_jmptbl_s script3_ code        30d50    3      198
                       script3_load_ctr script3_ code        30efc    0      130
                       script3_prime_ba script3_ code        3102c    0       5c
                       script3_process_ script3_ code        31088    0      108
                       script3_reset_ct script3_ code        31190    0       20
                       script3_reset_ct script3_ code        311b0    0       84
                       script3_save_ctr script3_ code        31234    0      110
                       script3_select_p script3_ code        31344    0      158
                       script3_set_ctrl script3_ code        3149c    0       24
                       script3_split_an script3_ code        314c0    0      170
                       script3_update_b script3_ code        31630    0      114
                       script3_update_c script3_ code        31744    0       d8
                       script3_update_r script3_ code        3181c    0       d4
                       set_a_pen_1_b_pe set_a_pe code        318f0    1       9c
                       set_a_pen_1_b_pe set_a_pe code        31994    0       a0
                       setup_interrupt_ setup_in code        31a34    1       54
                       setup_interrupt_ setup_in code        31a90    1       6c
                       setup_interrupt_ setup_in code        31b04    3       4c
                       signal_create_ms signal_c code        31b64    0       c4
                       signal_poll_and_ signal_p code        31c28    0       4c
                       status_parse_lis status_p code        31c74    2      2c8
                       status_parse_rec status_p code        31f48    0      11c
                       stream_buffered_ stream_b code        32064    1      188
                       stream_buffered_ stream_b code        321f4    3      290
                       stream_buffered_ stream_b code        32498    0       64
                       stream_read_line stream_r code        324fc    0       80
esq:ESQ_fullc           14-Jul-26 08:41:51  Hunk Section               Page 1-16

 num hunk         size filename         punit    type         base  alv     size
                       string_append_at string_a code        3257c    0       28
                       string_append_n. string_a code        325a4    0       6c
                       string_compare_n string_c code        32610    0       54
                       string_compare_n string_c code        32664    0       64
                       string_compare_n string_c code        326c8    0       50
                       string_find_subs string_f code        32718    0       34
                       string_to_upper_ string_t code        3274c    0       24
                       textdisp_add_sou textdisp code        32770    0       94
                       textdisp_apply_s textdisp code        32804    0       58
                       textdisp_apply_s textdisp code        3285c    0       7c
                       textdisp_build_c textdisp code        328d8    1       f0
                       textdisp_build_e textdisp code        329d0    2      320
                       textdisp_build_e textdisp code        32cfc    1      1b0
                       textdisp_build_e textdisp code        32eb4    0       a0
                       textdisp_build_m textdisp code        32f54    0      1d8
                       textdisp_build_n textdisp code        3312c    0      324
                       textdisp_clear_s textdisp code        33450    0       68
                       textdisp_compute textdisp code        334b8    0      100
                       textdisp_draw_ch textdisp code        335b8    0      12c
                       textdisp_draw_hi textdisp code        336e4    0      214
                       textdisp_draw_in textdisp code        338f8    0       a4
                       textdisp_filter_ textdisp code        3399c    2      450
                       textdisp_find_al textdisp code        33df8    0       a0
                       textdisp_find_co textdisp code        33e98    0       8c
                       textdisp_find_en textdisp code        33f24    0       68
                       textdisp_find_en textdisp code        33f8c    1      3a4
                       textdisp_find_qu textdisp code        34338    0      124
                       textdisp_format_ textdisp code        3445c    2      2fc
                       textdisp_get_gro textdisp code        34764    0       44
                       textdisp_handle_ textdisp code        347a8    0      2a8
                       textdisp_jmptbl_ textdisp code        34a50    1       b0
                       textdisp_load_so textdisp code        34b08    0       3c
                       textdisp_reset_s textdisp code        34b44    0       24
                       textdisp_select_ textdisp code        34b68    0      49c
                       textdisp_select_ textdisp code        35004    0      118
                       textdisp_set_ent textdisp code        3511c    0       84
                       textdisp_set_ras textdisp code        351a0    1       ac
                       textdisp_set_sel textdisp code        35254    0       e0
                       textdisp_should_ textdisp code        35334    0       3c
                       textdisp_skip_co textdisp code        35370    0       34
                       textdisp_trim_te textdisp code        353a4    1      144
                       textdisp_update_ textdisp code        354f0    0       f8
                       textdisp2_draw_n textdisp code        355e8    1       5c
                       textdisp2_init_r textdisp code        3564c    0       24
                       textdisp2_jmptbl textdisp code        35670    3       34
                       textdisp2_reset_ textdisp code        356b8    0       1c
                       textdisp2_tick_d textdisp code        356d4    0       f0
                       textdisp2_update textdisp code        357c4    0       b8
                       tliba_find_first tliba_fi code        3587c    0       44
                       tliba1_build_clo tliba1_b code        358c0    2      1a8
                       tliba1_draw_form tliba1_d code        35a74    4      4b4
                       tliba1_draw_inli tliba1_d code        35f40    0      330
                       tliba1_draw_text tliba1_d code        36270    2      190
esq:ESQ_fullc           14-Jul-26 08:41:51  Hunk Section               Page 1-17

 num hunk         size filename         punit    type         base  alv     size
                       tliba1_format_cl tliba1_f code        3640c    0      144
                       tliba1_jmptbl_st tliba1_j code        36550    2      140
                       tliba1_parse_sty tliba1_p code        3669c    0       2c
                       tliba2_compute_b tliba2_c code        366c8    0      144
                       tliba2_find_last tliba2_f code        3680c    0       44
                       tliba2_jmptbl_st tliba2_j code        36850    1       48
                       tliba2_parse_ent tliba2_p code        368a0    1      100
                       tliba2_resolve_e tliba2_r code        369a8    0      178
                       tliba2_resolve_e tliba2_r code        36b20    0       34
                       tliba3_build_dis tliba3_b code        36b54    0      220
                       tliba3_clear_vie tliba3_c code        36d74    0       40
                       tliba3_draw_cent tliba3_d code        36db4    2      1e0
                       tliba3_draw_hori tliba3_d code        36fa0    1      184
                       tliba3_draw_inne tliba3_d code        3712c    0       88
                       tliba3_draw_oute tliba3_d code        371b4    0       9c
                       tliba3_draw_vert tliba3_d code        37250    0      120
                       tliba3_draw_view tliba3_d code        37370    0       9c
                       tliba3_draw_view tliba3_d code        3740c    0      128
                       tliba3_format_pa tliba3_f code        37534    1      344
                       tliba3_get_view_ tliba3_g code        37880    0       2c
                       tliba3_get_view_ tliba3_g code        378ac    0       2c
                       tliba3_init_patt tliba3_i code        378d8    0      210
                       tliba3_init_runt tliba3_i code        37ae8    0      18c
                       tliba3_init_runt tliba3_i code        37c74    1       f8
                       tliba3_jmptbl_st tliba3_j code        37d74    1        8
                       tliba3_select_ne tliba3_s code        37d84    0       38
                       tliba3_set_font_ tliba3_s code        37dbc    0       44
                       unknown_jmptbl_c unknown_ code        37e00    3       d4
                       unknown10_format unknown1 code        37ee8    0       54
                       unknown10_parse_ unknown1 code        37f3c    0       80
                       unknown10_parse_ unknown1 code        37fbc    0       68
                       unknown10_parse_ unknown1 code        38024    0       68
                       unknown10_wdisp_ unknown1 code        3808c    1       38
                       unknown12_alloc_ unknown1 code        380cc    2       e0
                       unknown16_buffer unknown1 code        381b8    0       5c
                       unknown18_dos_se unknown1 code        38214    2       98
                       unknown19_dos_re unknown1 code        382b8    1       60
                       unknown21_iostdr unknown2 code        38320    3       50
                       unknown21_iostdr unknown2 code        38384    0       30
                       unknown22_math_d unknown2 code        383b4    0       68
                       unknown22_math_d unknown2 code        3841c    0      298
                       unknown22_math_m unknown2 code        386b4    0       84
                       unknown25_struct unknown2 code        38738    1       80
                       unknown29_jmptbl unknown2 code        387c0    1       1c
                       unknown30_exec_c unknown3 code        387e4    1       44
                       unknown32_handle unknown3 code        38830    2       58
                       unknown32_jmptbl unknown3 code        38894    0       14
                       unknown34_dos_re unknown3 code        388a8    1       48
                       unknown34_pair.o unknown3 code        388f8    0       5c
                       unknown36_finali unknown3 code        38954    3      17c
                       unknown37_handle unknown3 code        38ae4    0       48
                       unknown39_graphi unknown3 code        38b2c    1       4c
                       unknown4_string_ unknown4 code        38b80    0       3c
esq:ESQ_fullc           14-Jul-26 08:41:51  Hunk Section               Page 1-18

 num hunk         size filename         punit    type         base  alv     size
                       unknown40_dos_sy unknown4 code        38bbc    0       20
                       unknown40_exec_c unknown4 code        38bdc    0       30
                       unknown41_clock_ unknown4 code        38c0c    1       24
                       unknown42_parall unknown4 code        38c38    4       84
                       unknown5_string_ unknown5 code        38cd4    0       44
                       unknown7_str_cor unknown7 code        38d18    0      104
                       unknown8_format_ unknown8 code        38e1c    0       60
                       unknown9_format_ unknown9 code        38e7c    0       4c
                       wdisp_draw_weath wdisp_dr code        38ec8    1      590
                       wdisp_draw_weath wdisp_dr code        39460    4      638
                       wdisp_draw_weath wdisp_dr code        39ab0    0      128
                       wdisp_format_wit wdisp_fo code        39bd8    1       4c
                       wdisp_handle_wea wdisp_ha code        39c2c    4      20c
                       wdisp_jmptbl_stu wdisp_jm code        39e50    6      148
                       wdisp_update_sel wdisp_up code        39fbc    0      140
                       zdbg.o           zdbg.c   code        3a0fc    1       28
                       zserdbg.o        zserdbg. code        3a12c    0       4c
                       lib:sc.lib       _constru code        3a178    0       34
                       lib:sc.lib       _fpinit. code        3a1ac    0       3c
                       lib:sc.lib       _stub.c  code        3a1e8    0       c0
                       lib:sc.lib       _cxovf.c code        3a2a8    0       a0
                       lib:sc.lib       _CXD33.o code        3a348    0       c4
                       lib:sc.lib       _CXM33.o code        3a40c    0       20
                       lib:sc.lib       xcovf.o  code        3a42c    0       10
                       lib:sc.lib       _exit.c  code        3a43c    1       10
                       lib:sc.lib       _main.c  code        3a454    0      188
                       lib:sc.lib       exit.c   code        3a5dc    0       28
                       lib:sc.lib       autoopen code        3a604    0       fc
                       lib:sc.lib       gfxlib.c code        3a700    0       60
                       lib:sc.lib       UNKNOWN  code        3a760    0       10
   1 bss          7d04 _vertbstk.o      _vertbst bss             0    0     7d04
   2 udata          fc diskio1_accumula diskio1_ bss             0    0       88
                       diskio1_advance_ diskio1_ bss            88    0        4
                       diskio1_append_a diskio1_ bss            8c    0        4
                       diskio1_dump_def diskio1_ bss            90    0        4
                       diskio1_format_m diskio1_ bss            94    0        4
                       diskio2_flush_re diskio2_ bss            98    0        4
                       diskio2_load_cur diskio2_ bss            9c    0       48
                       diskio2_load_nxt diskio2_ bss            e4    0        4
                       diskio2_write_cu diskio2_ bss            e8    0        4
                       diskio2_write_nx diskio2_ bss            ec    0        4
                       diskio2_write_oi diskio2_ bss            f0    0        4
                       diskio2_write_qt diskio2_ bss            f4    0        8
   3 data          8d4 _canary.o        _canary. data            0    0        4
                       _zexcept.o       _zexcept data            4    0        8
                       cleanup_process_ cleanup_ data            c    0       68
                       coi_free_sub_ent coi_free data           74    0        4
                       coi_load_oi_data coi_load data           78    0       b8
                       diskio_probe_dri diskio_p data          130    0       54
                       diskio_query_vol diskio_q data          184    0       50
                       diskio2_flush_re diskio2_ data          1d4    0       38
                       diskio2_handle_i diskio2_ data          20c    0        8
                       diskio2_load_nxt diskio2_ data          214    0       48
esq:ESQ_fullc           14-Jul-26 08:41:51  Hunk Section               Page 1-19

 num hunk         size filename         punit    type         base  alv     size
                       ed_draw_scroll_s ed_draw_ data          25c    0        4
                       esq_format_disk_ esq_form data          260    0       2c
                       esq_fullc_consts esq_full data          28c    0       10
                       esq_main_init_an esq_main data          29c    0      380
                       esq_parse_comman esq_pars data          61c    0       14
                       esq_startup_entr esq_star data          630    0       74
                       esqfunc_process_ esqfunc_ data          6a4    0       88
                       format_to_buffer format_t data          72c    0        4
                       kybd_initialize_ kybd_ini data          730    0       80
                       newgrid_build_sh newgrid_ data          7b0    0        8
                       newgrid_draw_gri newgrid_ data          7b8    0       2c
                       newgrid_process_ newgrid_ data          7e4    0       34
                       parseini_parse_i parseini data          818    0       40
                       tliba2_resolve_e tliba2_r data          858    0        4
                       tliba3_draw_cent tliba3_d data          85c    0       30
                       tliba3_init_patt tliba3_i data          88c    0       28
                       unknown36_finali unknown3 data          8b4    0       20
   4 datasegm    11a0c datasegment.o    datasegm data            0    0    11a0c
   5 __MERGED       c4 T:.0000          _ctdt.o  data            0    0       18
                       lib:sc.lib       _constru data           18    0        4
                       lib:sc.lib       stack.c  data           1c    0        4
                       lib:sc.lib       _stub.c  data           20    0       50
                       lib:sc.lib       _cxovf.c data           70    0       3c
                       lib:sc.lib       exitfunc data           ac    0        4
                       lib:sc.lib       _stdwin. data           b0    0       14
                       lib:c.o          c        bss            c4    0       28
                       lib:sc.lib       base.c   bss            ec    0        4
                       lib:sc.lib       stkptr.c bss            f0    0        4
                       lib:sc.lib       prgname. bss            f4    0        4
                       lib:sc.lib       _onexit. bss            f8    0        4
                       lib:sc.lib       curdir.c bss            fc    0        4
                       lib:sc.lib       wbmsg.c  bss           100    0        4
                       lib:sc.lib       _constru bss           104    0        4
                       lib:sc.lib       _main.c  bss           108    0        c
                       lib:sc.lib       oslibver bss           114    0        4
                       lib:sc.lib       gfxlib.c bss           118    0        8
   6 exec           50 lib:amiga.lib    <noname> code            0    0       14
                       lib:amiga.lib    <noname> code           14    0       1c
                       lib:amiga.lib    <noname> code           30    0       10
                       lib:amiga.lib    <noname> code           40    0       10
   7 graphics       38 lib:amiga.lib    <noname> code            0    0       20
                       lib:amiga.lib    <noname> code           20    0       18
