00000000 00000000 -> 00000000
00000001 00000002 -> 00000001
00000002 0000001f -> 00000002
0000000a 0000002f -> 0000000a
0000001f 00000041 -> 0000001f
00000020 00000061 -> 00000020
0000002f 0000007f -> 0000002f
00000039 000000ff -> 00000039
00000041 00007fff -> 00000041
00000060 0000ffff -> 00000060
00000061 7fffffff -> 00000061
0000007a deadbeef -> 0000007a
0000007f 00000000 -> 0000007f
00000080 00000002 -> 00000080
000000ff 0000001f -> 000000ff
00000100 0000002f -> 00000100
00007fff 00000041 -> 00007fff
00008000 00000061 -> ffff8000
0000ffff 0000007f -> ffffffff
11223344 000000ff -> 00003344
7fffffff 00007fff -> ffffffff
80000000 0000ffff -> 0000000c
deadbeef 7fffffff -> ffffbefb
ffffffff deadbeef -> ffffffff
